// Jest Snapshot v1, https://goo.gl/fbAQLP

exports[`ListContainer should render correctly 1`] = `
<View>
  <View
    style={
      {
        "backgroundColor": "#01B4A4",
        "flexDirection": "row",
        "paddingHorizontal": 12,
        "paddingVertical": 16,
        "width": "100%",
      }
    }
  >
    <View
      accessibilityState={
        {
          "busy": undefined,
          "checked": undefined,
          "disabled": undefined,
          "expanded": undefined,
          "selected": undefined,
        }
      }
      accessibilityValue={
        {
          "max": undefined,
          "min": undefined,
          "now": undefined,
          "text": undefined,
        }
      }
      accessible={true}
      collapsable={false}
      focusable={true}
      onClick={[Function]}
      onResponderGrant={[Function]}
      onResponderMove={[Function]}
      onResponderRelease={[Function]}
      onResponderTerminate={[Function]}
      onResponderTerminationRequest={[Function]}
      onStartShouldSetResponder={[Function]}
      style={
        {
          "opacity": 1,
          "width": 24,
        }
      }
      testID="back-button"
    >
      <RNSVGSvgView
        align="xMidYMid"
        bbHeight="24"
        bbWidth="24"
        fill="#FFFFFF"
        focusable={false}
        height="24"
        meetOrSlice={0}
        minX={0}
        minY={-960}
        style={
          [
            {
              "backgroundColor": "transparent",
              "borderWidth": 0,
            },
            {
              "flex": 0,
              "height": 24,
              "width": 24,
            },
          ]
        }
        vbHeight={960}
        vbWidth={960}
        width="24"
      >
        <RNSVGGroup
          fill={
            {
              "payload": 4294967295,
              "type": 0,
            }
          }
          propList={
            [
              "fill",
            ]
          }
        >
          <RNSVGPath
            d="M359-242L120-481l239-239 43 43-166 166h604v60H236l166 166-43 43z"
            fill={
              {
                "payload": 4278190080,
                "type": 0,
              }
            }
          />
        </RNSVGGroup>
      </RNSVGSvgView>
    </View>
    <View
      style={
        {
          "width": 12,
        }
      }
    />
    <Text
      style={
        [
          {
            "color": "#FFFFFF",
            "fontSize": 18,
            "fontWeight": "bold",
          },
          {
            "flex": 1,
            "textAlign": "center",
          },
        ]
      }
    >
      Listagem
    </Text>
    <View
      style={
        {
          "width": 12,
        }
      }
    />
    <View
      accessibilityState={
        {
          "busy": undefined,
          "checked": undefined,
          "disabled": undefined,
          "expanded": undefined,
          "selected": undefined,
        }
      }
      accessibilityValue={
        {
          "max": undefined,
          "min": undefined,
          "now": undefined,
          "text": undefined,
        }
      }
      accessible={true}
      collapsable={false}
      focusable={true}
      onClick={[Function]}
      onResponderGrant={[Function]}
      onResponderMove={[Function]}
      onResponderRelease={[Function]}
      onResponderTerminate={[Function]}
      onResponderTerminationRequest={[Function]}
      onStartShouldSetResponder={[Function]}
      style={
        {
          "opacity": 1,
          "width": 24,
        }
      }
      testID="right-buton-icon"
    >
      <RNSVGSvgView
        align="xMidYMid"
        bbHeight="24"
        bbWidth="24"
        fill="#FFFFFF"
        focusable={false}
        height="24"
        meetOrSlice={0}
        minX={0}
        minY={-960}
        style={
          [
            {
              "backgroundColor": "transparent",
              "borderWidth": 0,
            },
            {
              "flex": 0,
              "height": 24,
              "width": 24,
            },
          ]
        }
        vbHeight={960}
        vbWidth={960}
        width="24"
      >
        <RNSVGGroup
          fill={
            {
              "payload": 4294967295,
              "type": 0,
            }
          }
          propList={
            [
              "fill",
            ]
          }
        >
          <RNSVGPath
            d="M784-120L532-372q-30 24-69 38t-83 14q-109 0-184.5-75.5T120-580q0-109 75.5-184.5T380-840q109 0 184.5 75.5T640-580q0 44-14 83t-38 69l252 252-56 56zM380-400q75 0 127.5-52.5T560-580q0-75-52.5-127.5T380-760q-75 0-127.5 52.5T200-580q0 75 52.5 127.5T380-400z"
            fill={
              {
                "payload": 4278190080,
                "type": 0,
              }
            }
          />
        </RNSVGGroup>
      </RNSVGSvgView>
    </View>
  </View>
  <RCTScrollView
    ListFooterComponent={[Function]}
    contentContainerStyle={
      {
        "padding": 16,
        "paddingBottom": 100,
      }
    }
    data={
      {
        "backdrop_path": "https://image.tmdb.org/t/p/w188_and_h282_bestv2/wNAhuOZ3Zf84jCIlrcI6JhgmY5q.jpg",
        "genre_ids": [
          1,
          2,
        ],
        "id": 1,
        "overview": "Movie Overview",
        "poster_path": "https://image.tmdb.org/t/p/w188_and_h282_bestv2/wNAhuOZ3Zf84jCIlrcI6JhgmY5q.jpg",
        "release_date": "2021-01-01",
        "title": "Movie Title",
        "vote_average": 10,
      }
    }
    getItem={[Function]}
    getItemCount={[Function]}
    keyExtractor={[Function]}
    keyboardDismissMode="on-drag"
    onContentSizeChange={[Function]}
    onEndReached={[MockFunction]}
    onEndReachedThreshold={0.5}
    onLayout={[Function]}
    onMomentumScrollBegin={[Function]}
    onMomentumScrollEnd={[Function]}
    onScroll={[Function]}
    onScrollBeginDrag={[Function]}
    onScrollEndDrag={[Function]}
    refreshing={false}
    removeClippedSubviews={false}
    renderItem={[Function]}
    scrollEventThrottle={16}
    showsVerticalScrollIndicator={false}
    stickyHeaderIndices={[]}
    testID="movies-flatlist"
    viewabilityConfigCallbackPairs={[]}
  >
    <View>
      <View
        onLayout={[Function]}
      >
        <ActivityIndicator
          color="#01B4A4"
          size="large"
        />
      </View>
    </View>
  </RCTScrollView>
</View>
`;
